[40m[2J[0;1;34;40m≤≤≤≤≤≤≤≤≤≤≤≤≤≤≤≤≤≤≤≤≤≤≤≤≤≤≤≤≤≤≤≤≤≤≤≤≤≤≤≤≤[s
[u≤≤≤≤≤≤≤≤≤≤≤≤≤≤≤≤≤≤≤≤≤≤≤≤≤≤≤≤≤≤≤≤≤≤≤≤≤≤≤≤≤≤≤≤≤≤≤≤≤≤≤≤≤≤≤≤≤≤≤[s
[u≤≤≤≤≤≤≤≤≤≤[0;34m≤[1m≤[0;34m±[1;37;44m±[0;34;40m≤±[s
[u[1;37;44m∞∞[0;34;40m±≤±[1;37;44m∞[34;40m≤≤≤≤≤≤≤≤≤≤≤≤≤≤≤[s
[u≤≤≤≤≤≤≤≤≤≤≤≤≤≤≤≤≤≤≤≤≤≤≤≤≤≤≤≤≤≤≤≤≤≤≤≤≤≤≤≤≤≤≤≤≤≤≤≤≤≤≤≤[0;34m[s
[u≤[1;37;44m±[0;34;40m±∞∞[1;37;44m±[0;34;40m∞[1m≤≤≤[s
[u[0;34m∞∞±±[1;37;44m∞[34;40m≤≤≤≤≤≤≤≤≤≤≤≤≤≤≤≤≤≤≤≤≤≤≤≤≤≤≤≤≤[s
[u≤≤≤≤≤≤≤≤≤≤≤≤≤≤≤≤≤≤≤≤≤≤≤≤≤≤≤≤≤≤≤≤≤[0;34m≤[1;37;44m±[40m[s
[u[0;34;40m≤[1;37;44m∞[0;34;40m∞∞[1;37;44m∞[34;40m≤≤≤≤≤≤[s
[u≤≤≤[0;34m±[1;37;44m±[34;40m≤≤≤≤≤≤≤≤≤≤≤≤≤≤≤≤≤≤≤≤≤≤≤≤≤≤≤≤≤[s
[u≤≤≤≤≤≤≤≤≤≤≤≤≤≤≤≤≤≤≤≤≤≤≤≤≤≤≤≤≤≤≤≤[0;34m≤[1;37;44m±[40m[s
[u[0;34;40m±∞∞∞[1m≤≤≤≤≤≤≤≤≤≤≤≤≤≤≤≤≤≤≤≤≤≤≤≤≤≤≤≤≤≤≤≤≤≤≤≤≤≤≤≤≤[s
[u≤≤≤≤≤≤≤≤≤≤≤≤≤≤≤≤≤≤≤≤≤≤≤≤≤≤≤≤≤≤≤[0;34m≤≤±∞∞∞[1m≤≤≤≤≤[s
[u[0;36m˜[1;34m≤≤≤≤≤≤≤≤≤≤≤≤≤≤≤≤≤≤≤≤≤≤≤≤≤≤≤≤≤≤≤≤≤≤≤≤≤≤≤ﬁ[s
[u[5;33;46m [D [D[0;1;34;40m›≤≤≤≤≤≤≤≤≤≤≤≤≤≤≤≤≤≤≤≤≤≤≤[s
[u[0;34m≤≤±≤∞∞∞[1m≤≤≤≤≤≤[0;36m›[1;35m [D[34m≤≤≤≤≤≤≤≤≤≤[s
[u≤≤≤≤≤≤≤≤≤≤≤≤≤≤≤≤≤≤≤≤≤≤≤≤≤≤≤≤≤[37;46m€€[34;40m≤≤≤≤≤≤≤≤≤≤≤≤[s
[u≤≤≤≤≤≤≤≤≤≤≤[0;34m≤±±≤∞∞±[1m≤≤≤≤≤≤≤[0;36m›[1;35m [D[s
[u [D [D[34m≤≤≤≤≤≤≤≤≤≤≤≤≤≤≤≤≤≤≤≤≤≤≤≤≤≤≤≤≤≤≤≤≤≤≤≤≤[s
[u[37;46m€€[34;40m≤≤≤≤≤≤≤≤≤≤≤≤≤≤≤≤≤≤≤≤[0;34m≤[1;44m±[40m[s
[u[0;34;40m±±∞∞∞∞±±[1m≤≤≤≤≤≤≤[0;36m›[1;35m [D [D [D[s
[u [D[34m≤≤≤≤≤≤≤≤≤≤≤≤≤≤≤≤≤≤≤≤≤≤≤≤≤≤≤≤≤≤≤≤≤≤≤≤[37;46m[40m[s
[u[46m€€[34;40m≤≤≤≤≤≤≤≤≤≤≤≤≤≤≤≤[0;34m≤≤[1;44m±[40m[s
[u[0;34;40m≤±∞∞≤±±∞±±[1m≤≤≤≤≤≤≤≤[0;36m›[1;35m [D [D[s
[u [D [D [D[34m≤≤≤≤≤≤≤≤≤≤≤≤≤≤≤≤≤≤≤≤≤≤≤≤≤≤≤≤≤≤≤≤≤≤≤[s
[u[37;46m€€[34;40m≤≤≤≤≤≤≤≤≤≤≤≤≤[0;34m≤±[1;44m±[40m[s
[u[0;34;40m≤±±±≤∞∞±∞∞≤∞±[1m≤≤≤≤≤≤≤≤[0;36m›[1;34m≤≤≤≤[35m[s
[u [D [D[34m≤≤≤≤≤≤≤≤≤≤≤≤≤≤≤≤≤≤≤≤≤≤≤≤≤≤≤≤≤≤≤≤≤[s
[u[37;46m€€€€[34;40m≤≤[44m∞[0;34;40m≤[1m≤[0;34m≤≤[s
[u[1;44m±[0;34;40m≤∞±≤±±±∞[1;44m±[0;34;40m≤∞∞±∞±±∞±∞±±[s
[u[1m≤≤≤≤[30m‹‹‹‹‹‹‹‹‹‹‹‹[34m≤≤≤≤≤≤≤≤≤≤≤≤≤≤≤≤≤≤≤≤≤≤≤[s
[u[43m∞[37m≤[34m∞[37m±∞≤[34m∞[37m±[34m∞[37m∞±[40m[s
[u[43m[34m∞[37m≤[34;44m≤∞∞[0;34;40m±≤∞≤±±∞[31m [D[s
[u[34m≤∞∞±∞±∞∞±∞∞±∞±∞±±≤≤≤≤[1;30mﬂ‹ﬂ‹ﬂ‹ﬂ‹ﬂ‹[0;34m≤≤≤≤≤[s
[u[1;44m∞[0;34;40m≤≤≤≤±≤≤≤≤≤≤≤±[1;44m±[0;34;40m≤≤≤≤≤≤≤[s
[u[1;44m±[0;34;40m≤≤∞≤≤≤≤≤±≤[31m [D[1;34;44m±[40m[s
[u[0;34;40m∞[1;44m≤[0;34;40m∞∞[1;44m∞[0;34;40m±≤∞±∞[s
[u[1;44m≤∞[0;34;40m∞∞≤∞±∞∞∞∞∞∞≤∞±±≤≤[1;44m±[0;34;40m≤≤≤∞±[s
[u≤≤≤≤≤[1;44m±∞[0;34;40m≤≤∞≤≤≤[1;44m±[0;34;40m≤≤≤[s
[u[1;44m∞[0;34;40m≤≤≤[1;44m±[0;34;40m≤[1;44m±[40m[s
[u[0;34;40m≤≤≤≤≤[1;44m∞∞[0;34;40m≤≤≤≤≤≤±≤[1;44m∞[40m[s
[u[0;34;40m≤≤≤[1;44m∞≤[0;34;40m±[1;44m±[0;34;40m±≤∞∞∞∞∞∞[s
[u±∞∞∞∞∞±∞∞±∞∞∞∞∞∞∞[1;44m∞[0;34;40m∞∞∞[1;44m∞[40m[s
[u[0;34;40m≤[1;44m∞[0;34;40m±[1;44m∞[0;34;40m≤≤[s
[u[1;44m≤∞∞±[0;34;40m≤[1;44m∞∞∞∞±∞[0;34;40m±∞±≤[s
[u[1;44m±[0;34;40m±±±±±±±≤±±±∞±[1;44m∞[0;34;40m±≤±±[s
[u[1;44m∞[0;34;40m±±±±±∞±∞∞∞∞∞∞[31m [D[34m∞∞∞∞∞∞∞∞∞∞∞∞∞[s
[u∞∞∞∞∞∞∞∞[1;44m±[0;34;40m±∞∞∞[1;44m∞[0;34;40m∞±∞±±±[s
[u[1;44m∞[0;34;40m±±±[1;44m±[0;34;40m±[1;44m∞[40m[s
[u[0;34;40m±±±±[1;44m∞±[0;34;40m±≤±±[1;44m±[40m[s
[u[0;34;40m±∞±±[1;33mî[0;34m±±±[1;44m∞[0;34;40m±±±±±±±±±[s
[u[1;33mî[0;34m±∞∞∞∞∞±∞∞∞∞∞∞∞∞∞∞∞∞∞∞∞∞∞∞∞∞∞∞∞∞∞∞∞∞[s
[u[1;44m±[0;34;40m∞±[1;44m±[0;34;40m±±±±∞±±±±[1;44m[40m[s
[u[44m∞[0;34;40m±±∞[1;44m±[0;34;40m±±[1;44m±[40m[s
[u[0;34;40m±±±[1;44m∞[0;34;40m±±±[1;44m∞[0;34;40m±±±≤±±±[s
[u[1;44m±[0;34;40m±±≤[1;44m∞[0;34;40m∞±±±[1;44m∞[40m[s
[u[0;34;40m∞∞∞∞∞∞∞∞∞∞∞∞∞∞∞∞∞∞∞∞∞∞∞∞∞∞∞∞∞∞∞∞∞±∞∞∞∞[s
[u[1;44m±[0;34;40m∞[1;44m±∞[0;34;40m∞∞∞∞≤∞∞±∞∞∞±∞≤∞∞[s
[u[1;44m±[0;34;40m∞±±∞∞±∞∞[1;44m∞[0;34;40m∞∞∞[1;44m[40m[s
[u[44m∞[0;34;40m∞∞∞∞±∞∞±∞∞∞∞∞∞∞∞∞∞[1;33mî[0;34m∞∞∞∞∞∞∞∞∞∞[s
[u∞∞∞∞∞∞∞∞∞∞∞∞∞∞∞∞∞∞±∞∞∞∞∞∞∞∞∞∞∞∞∞∞∞∞∞∞∞∞∞∞∞∞∞∞∞≤∞∞∞∞∞∞∞∞∞∞∞∞[s
[u∞∞∞∞∞∞∞∞∞∞∞∞∞∞∞∞∞∞∞∞∞∞∞∞∞∞∞∞∞∞∞∞∞∞∞∞∞∞∞∞∞∞∞∞∞∞∞∞∞∞∞∞∞∞∞[s
[u[1;31mô[0;34m∞∞∞∞∞[32m∏ø[34m∞∞∞∞∞∞[1;31mô[0;34m∞∞∞∞∞∞[s
[u∞∞∞∞[1;37;43m±[0;34;40m∞[31m [D[34m∞∞∞∞[31m [D[s
[u[32m⁄[34mƒ[32mø[34m∞∞∞∞∞∞∞∞∞∞∞∞∞∞∞∞∞∞∞∞∞∞∞∞∞∞∞∞∞∞[32m∆[s
[u∏[34m∞∞[1;33mî[0;34m∞∞∞∞∞∞∞[1;31mô[0;34m∞∞∞[31m [D[s
[u[34m∞∞[32m’µ[34m∞∞∞∞∞∞∞∞[31m [D[34m∞[32m’[34mÕ[s
[u[32m∏[34m∞∞∞∞∞[1;37;43m∞∞±[0;31;40m [D[34m∞∞[32m⁄[s
[u[34mƒ[32mŸ[34m∞∞∞∞∞∞∞∞∞∞[32m⁄[34m∞∞∞ù∞∞∞∞∞∞∞∞∞∞∞∞∞∞∞∞∞[s
[u≥∞∞∞∞∞∞[1;36m¸[0;34m∞∞∞∞∞∞∞[1;31mô[0;34m∞∞∞∞≥∞∞∞∞∞∞∞∞∞∞[s
[u∞∞≥∞∞∞∞∞[31m [D[1;37;43m±≤∞[0;34;40m∞[32m’µø[34m∞[s
[u[1;33mî[0;34m∞∞∞∞∞[32m⁄[34mƒ∞∞[32mÿ[34m∞∞∞[32m∆[34m[s
[u∞∞∞∞∞[32mÁ[34m∞[32m’∏[34m∞∞∞∞∞∞∞[32m’µø[34m∞[31m[s
[u [D[34m∞∞[1;36m®[0;34m∞∞[1;36mÔ[0;34m∞∞∞∞∞∞∞Œ∞[32m’[s
[uµø[34m∞[32mÁ[34m∞∞∞∞∞∞∞∞[32m’µø[34m∞∞∞∞[1;37;43m[40m[s
[u[43m∞±∞≤±[0;31;40m [D[34m≥∞∞∞∞∞∞∞∞[32mÿ[34m∞[1;31mô[s
[u[0;34m∞Œ∞∞∞[32mµ[33m[34m∞∞∞∞[32mÿ[34m∞[32mµ[34m∞∞∞[s
[u∞∞∞[33m[34m∞∞[32mÿ[34m∞∞∞[1;36m@[0;34m∞[1;36mÎá[s
[u[0;34m∞∞∞[32mÁ[33m[34m∞∞∞[33m[34mŒ∞∞[32mÿ[34m∞∞[s
[u[32mÿ [30;44m[24;61f(C) 1991, J. Ibarra[34;40m∞[25H[37;43m≤∞[0;31;40m [D[A
[3C[1;37;43m∞±∞≤±∞±≤≤∞≤≤≤≤≤±∞±±±∞≤±∞±±∞∞∞≤≤±≤±∞≤≤€∞±∞∞±[40m[A
[46C[43m∞€≤±≤±∞∞∞∞∞≤±∞±∞∞∞≤€∞∞±∞∞∞≤±∞±≤≤∞[MF T200 L8 o4c<b>cf4
c<g#4a>c4<fMSgggMNg4a#[MF 892.32;1;8;;-19.04[MFo3L2fp2[24;1f[0m[255D
