[40m[2J[7C[0;34;40m*[9C*[12C*[16C*[14C*[10C*[2H *[s
[u[24C*[16C*[15C*[8C[5;37m≥[3H[7C[0;34m*    *[8C*[s
[u[9C*[17C[5m*[16C[37m\ ≥ /   [0;34m*[4H[35C*[11C*[s
[u[11C*   * [5;37mƒƒƒ[1m [D[0;5mƒƒƒ[5H[9C[34m*[10C[s
[u[0;34m*    **[26C*[8C*   [5;37m/ ≥ \ [0;34m*[6H*  *[s
[u[22C*[17C*[23C[5;37m≥[7H[8C[0;34m*[11C*[10C*[7C*[s
[u[14C*[13C[5;37m≥[8C[0;34m*[8H[11C*[5C*[7C*[8C*[s
[u[6C*[6C*[7C*   *[5C*[9C*[9H *[6C*[10C*[33C* *[17C[s
[u[5m*[10H [0;34m*   *[23C*[8C*[11C[5m*  [0;34m*    *[s
[u[18C* *    *[9C*    *   *[19C*[6C*[16C* *[12H[9C*   [s
[u*  *[33C*[5C*   *[13C*[13H[10C* *[9C* *[9C*    *[s
[u[14C*[5C*[5C*    * *[14H*   *    *    *[12C*[15H[7C[s
[u[5m*[9C[0;34m*[40C*[7C*[9C*[16H*[13C*[25C[5m*[6C[s
[u[0;34m*[16C*[10C*[17H[7C*[5C*[7C*[8C*[25C*[14C*[s
[u[6C**  *[17C*[44C*[19H*[6C* *    *[22C*[7C*[18C*
[20H   *    *[11C*[7C*[21C*[8C*[5C*    *    **[21H[44C[s
[u*[19C**[7C*[22H*[68C*[9C*    [5m*[9C[0;34m*[13C*  [A
[31C  *[25C*[8C**[0m[23;1f[40C[B[0;32;40m∂[s[s[1D[1A«[s
[A[41C[s[s[B«[s
[A[42C[s[2D[2A[34m^[s[s
[A[41C[B[32m«[s[s[B«[s
[A[43C[s[4D[2A[34m^[s
[A[40C[s[1A [D[s[s[B
[A[41C^[s[s[B[32m«[s
[A[43C[s[5D[1A[34m^[s
[A[39C[s[1A [D[s[s[1A◊
[A[41C[s[s[B [D[s
[A[42C[s[B^[s[s[8D
[A[35C[2B*[s[s[C[2A^[s
[A[38C[s[1A [D[s
[A[39C[s[1A◊[s[s[1A≤[s
[A[41C[s[B[1;31m [D[s
[A[42C[s[B[0;33m [D[s
[A[43C[s[B[34m^[s[s[8D^[s
[A[37C[s[s[1A [D[s
[A[38C[s[1A◊[s[s[1A≤
[A[40C[s[s[1AØ[s
[A[41C[s[B≤[s[s[B◊[s
[A[43C[s[s[B [D[s
[A[44C[s[B^[s[s[10D^
[A[36C[s[s[1A [D[s
[A[37C[s[1A◊[s[s[1A
[A[38C≤[s[s[1AÆ[s
[A[40C[s[1AO[s[s[B
[A[41C[1;36m [D[s[s[B[0;34m≤
[A[43C[s[s[B◊[s
[A[44C[s[B [D[s[s[B^
[A[46C[s[s[13D[B*[s
[A[34C[s[1A^[s[s[1A
[A[35C [D[s[s[1A◊[s
[A[37C[s[1A≤[s[s
[A[38C[1AØ[s[s[1AO[s
[A[40C[s[1A”[s[s
[A[41C[BO[s[s[BÆ[s
[A[43C[s[B≤[s[s[B◊
[A[45C[s[s[B [D[s
[A[46C[s[B[1;31m [D[s
[A[47C[s[14D[0;34m^[s[s[1A
[A[34C [D[s[s[1A◊[s
[A[36C[s[1A≤[s[s
[A[37C[1AÆ[s[s[1AO[s
[A[39C[s[1A”[s[s
[A[40C[1A[1;36m [D[s[s[B
[A[41C[0;34m”[s[s[BO[s
[A[43C[s[BØ[s[s
[A[44C[B≤[s[s[B◊[s
[A[46C[s[B [D[s[s
[A[47C[B^[s[s[16D^[s
[A[33C[s[1A [D[s[s
[A[34C[s[1A◊[s[s[1A≤[s
[A[36C[s[1AØ[s[s
[A[37C[s[1AO[s[s[1A[1;36m [D
[A[39C[s[s[1A[0;34m∞[s
[A[40C[s[1A[s[s
[A[41C[B[32m [D[s[s[B[1;31m
[A[42C [D[s[s[B[0;34mO[s
[A[44C[s[B[35m [D[s
[A[45C[s[B[1;33m [D[s
[A[46C[s[B[0;34m◊[s[s[B
[A[47C [D[s[s[B^[s
[A[49C[s[18D^[s[s
[A[32C[1A [D[s[s[1A◊[s
[A[34C[s[1A[1;37m [D[s
[A[35C[s[1A[0;34mÆ[s[s
[A[36C[s[1A[1;36m [D[s[s[1A
[A[37C[0;34m”[s[s[1A∞[s
[A[39C[s[1A[s[s
[A[40C[s[1Aô[s[s[B[s
[A[42C[s[B∞[s[s
[A[43C[B”[s[s[BO[s
[A[45C[s[BÆ[s[s[B≤
[A[47C[s[s[B◊[s
[A[48C[s[B [D[s[s[B
[A[49C[1;36m [D[s[s[20D[0;34m
[A[30C^[s[s[1A [D[s
[A[32C[s[1A◊[s[s
[A[33C[1A≤[s[s[1AØ[s
[A[35C[s[1A[5;31m [D[s
[A[36C[s[1A[0;34m”[s[s
[A[37C[1A[1m [D[s[s[1A[0;34m
[A[38C [D[s[s[1A[1m [D[s
[A[40C[s[1A[0;34mú[s
[A[41C[s[Bô[s[s[B
[A[42C[1;36m [D[s[s[B[0;34m∞
[A[44C[s[s[B”[s
[A[45C[s[BO[s[s[BØ[s
[A[47C[s[s[B≤[s
[A[48C[s[B◊[s[s[B [D[s
[A[50C[s[s[B^[s
[A[51C[s[23D[B*[s[s[1A^
[A[30C[s[s[1A [D[s
[A[31C[s[1A◊[s[s[1A
[A[32C≤[s[s[1AÆ[s
[A[34C[s[1A[1;36m [D[s
[A[35C[s[1A[0;34m”[s[s[1A∞
[A[37C[s[s[1A[s
[A[38C[s[1Aô[s[s[1Aú
[A[40C[s[s[1A [D[s
[A[41C[s[Bú[s[s[Bô
[A[43C[s[s[B[s
[A[44C[s[B∞[s[s[B”[s
[A[46C[s[s[BO[s
[A[47C[s[BÆ[s[s[B≤[s
[A[49C[s[B◊[s
[A[50C[s[B [D[s[s[B^[s
[A[52C[s[24D^[s
[A[29C[s[1A [D[s[s[1A[32m
[A[30C [D[s[s[1A[34m≤[s
[A[32C[s[1A[1;36m [D[s
[A[33C[s[1A[0;34mO[s[s
[A[34C[s[1A”[s[s[1A∞[s
[A[36C[s[1A[s[s
[A[37C[s[1Aô[s[s[1Aú[s
[A[39C[s[1A [D[s
[A[40C[s[1Aù[s[s[B [D[s
[A[42C[s[s[Bú[s
[A[43C[s[Bô[s[s[B[s
[A[45C[s[B∞[s
[A[46C[s[B”[s[s[BO[s
[A[48C[s[BØ[s[s
[A[49C[s[B≤[s[s[B◊[s
[A[51C[s[B[1;36m [D[s
[A[52C[s[B[0;34m^[s[s
[A[53C[26D^[s[s[1A [D[s
[A[29C[s[1A◊[s[s
[A[30C[s[1A[1;36m [D[s[s[1A
[A[31C[0;34mÆ[s[s[1AO[s
[A[33C[s[1A”[s[s
[A[34C[s[1A∞[s[s[1A[s
[A[36C[s[1Aô[s[s
[A[37C[s[1Aú[s[s[1A [D[s
[A[39C[s[1Aù[s
[A[40C[s[1A [D[s[s[Bù[s
[A[42C[s[s[B [D[s
[A[43C[s[Bú[s[s[B
[A[44C[1;36m [D[s[s[B[0;34m
[A[46C[s[s[B∞[s
[A[47C[s[B”[s[s[BO[s
[A[49C[s[s[BÆ[s
[A[50C[s[B≤[s[s[B◊[s
[A[52C[s[B [D[s
[A[53C[s[B^[s[s[C[2B*[s
[A[56C[s[s[30D[2A^[s
[A[27C[s[1A [D[s[s
[A[28C[1A◊[s[s[1A≤[s
[A[30C[s[1A[1;31m [D[s
[A[31C[s[1A[0;34mO[s[s
[A[32C[1A”[s[s[1A∞[s
[A[34C[s[1A[s[s
[A[35C[1Aô[s[s[1Aú[s
[A[37C[s[1A[31m [D[s
[A[38C[s[1A[33m [D[s[s
[A[39C[1A[1;32m [D[s[s[1A
[A[40C[5;33m [D[s[s[B[0;34m
[A[41C [D[s[s[Bù[s
[A[43C[s[B [D[s[s
[A[44C[Bú[s[s[Bô[s
[A[46C[s[B[s[s[B∞
[A[48C[s[s[B”[s
[A[49C[s[BO[s[s[B
[A[50C[1;5;33m [D[s[s[B[0;34m
[A[51C≤[s[s[B◊[s
[A[53C[s[B [D[s[s[B^
[A[55C[s[s[30D^[s
[A[26C[s[1A [D[s[s
[A[27C[1A◊[s[s[1A[1;36m [D[s
[A[29C[s[s[1A[0;34mÆ[s
[A[30C[s[1AO[s[s[1A
[A[31C”[s[s[1A∞[s
[A[33C[s[1A[s[s[1Aô
[A[35C[s[s[1Aú[s
[A[36C[s[1A [D[s[s
[A[37C[1Aù[s[s[1A [D[s
[A[39C[s[1AÏ[s[s
[A[40C[s[1A [D[s[s[BÏ[s
[A[42C[s[B [D[s
[A[43C[s[B[35m [D[s[s
[A[44C[B[34m [D[s[s[B[1;36m
[A[45C [D[s[s[B[0;34mô[s
[A[47C[s[B[s
[A[48C[s[B∞[s[s[B”[s
[A[50C[s[BO[s[s
[A[51C[s[BÆ[s[s[B≤[s
[A[53C[s[B[1;36m [D[s
[A[54C[s[B[0;34m [D[s[s
[A[55C[B^[s[s[32D^[s
[A[25C[s[1A [D[s[s
[A[26C[s[1A[1;36m [D[s[s[1A
[A[27C[0;34m≤[s[s[1AØ[s
[A[29C[s[1AO[s[s
[A[30C[s[1A”[s[s[1A∞[s
[A[32C[s[1A[s[s
[A[33C[s[1Aô[s[s[1Aú[s
[A[35C[s[1A [D[s
[A[36C[s[1Aù[s[s[1A [D[s
[A[38C[s[s[1AÏ[s
[A[39C[s[1A[1;36m [D[s[s
[A[40C[s[1A[0;34mÔ[s[s[B [D
[A[42C[s[s[BÏ[s
[A[43C[s[B [D[s[s[Bù
[A[45C[s[s[B [D[s
[A[46C[s[B[32m [D[s
[A[47C[s[B[34mô[s[s[B[s
[A[49C[s[s[B∞[s
[A[50C[s[B”[s[s[BO[s
[A[52C[s[BØ[s
[A[53C[s[B≤[s[s[B◊[s
[A[55C[s[B [D[s
[A[56C[s[B^[s[s[34D^[s
[A[24C[s[1A [D[s
[A[25C[s[1A◊[s[s[1A≤[s
[A[27C[s[s[1AÆ[s
[A[28C[s[1A[33m [D[s[s
[A[29C[1A[34m”[s[s[1A[1;32m
[A[30C [D[s[s[1A[0;34m[s
[A[32C[s[1Aô[s
[A[33C[s[1Aú[s[s[1A [D[s
[A[35C[s[s[1A [D[s
[A[36C[s[1A [D[s[s
[A[37C[1A[1;36m [D[s[s[1A
[A[38C[0;34m [D[s[s[1A[1;5m
[A[39C [D[s[s[1A[0;34m∞[s
[A[41C[s[B[1;36m [D[s
[A[42C[s[B [D[s[s
[A[43C[B[0;34mÏ[s[s[B[1;31m
[A[44C [D[s[s[B[0;34mù[s
[A[46C[s[B[1;36m [D[s
[A[47C[s[B[0;34mú[s[s
[A[48C[s[Bô[s[s[B[s
[A[50C[s[B∞[s[s
[A[51C[B”[s[s[BO[s
[A[53C[s[BÆ[s[s[B
[A[54C[1;36m [D[s[s[B[31m
[A[55C [D[s[s[B[0;34m [D[s
[A[57C[s[s[B^[s
[A[58C[s[36D^[s[s[1A[35m
[A[23C [D[s[s[1A[1;36m [D[s
[A[25C[s[s[1A[0;34m≤[s
[A[26C[s[1AØ[s[s[1A
[A[27CO[s[s[1A”[s
[A[29C[s[1A∞[s[s[1A
[A[31C[s[s[1Aô[s
[A[32C[s[1Aú[s[s[1A
[A[33C [D[s[s[1Aù[s
[A[35C[s[1A[1;36m [D[s
[A[36C[s[1A[0;34mÏ[s[s
[A[37C[1A [D[s[s[1AÔ[s
[A[39C[s[1A∞[s[s
[A[40C[s[1A [D[s[s[B[1;37m
[A[41C [D[s[s[B[31m [D[s
[A[43C[s[B[0;34m [D[s
[A[44C[s[BÏ[s[s[B
[A[45C [D[s[s[Bù[s
[A[47C[s[B [D[s[s
[A[48C[Bú[s[s[Bô[s
[A[50C[s[B[s[s[B
[A[51C[31m [D[s[s[B[34m”[s
[A[53C[s[s[B[1;37m [D[s
[A[54C[s[B[0;34mØ[s
[A[55C[s[B≤[s[s[B◊[s
[A[57C[s[B [D[s
[A[58C[s[B^[s[s[B*[s
[A[60C[s[39D[1A^[s
[A[22C[s[1A[1;36m [D[s[s
[A[23C[s[1A[0;34m◊[s[s[1A≤[s
[A[25C[s[s[1AÆ[s
[A[26C[s[1AO[s[s[1A”[s
[A[28C[s[s[1A∞[s
[A[29C[s[1A[s[s[1Aô[s
[A[31C[s[s[1A[32m [D[s
[A[32C[s[1A[34m [D[s
[A[33C[s[1A[1;36m [D[s[s
[A[34C[s[1A[37m [D[s[s[1A
[A[35C[0;34mÏ[s[s[1A [D[s
[A[37C[s[1AÔ[s
[A[38C[s[1A[31m [D[s[s[1A
[A[39C[34m [D[s[s[1A [D[s
[A[41C[s[s[B[32m [D[s
[A[42C[s[B[1;36m [D[s
[A[43C[s[B[0;34mÔ[s[s[B
[A[44C [D[s[s[BÏ[s
[A[46C[s[B [D[s[s
[A[47C[B[1;36m [D[s[s[B
[A[48C[0;34m [D[s[s[Bú[s
[A[50C[s[Bô[s
[A[51C[s[B[s[s[B∞[s
[A[53C[s[B”[s[s
[A[54C[s[BO[s[s[B[1;36m [D
[A[56C[s[s[B[0;34m≤[s
[A[57C[s[B◊[s[s
[A[58C[B [D[s[s[B^[s
[A[60C[s[26D[14A*[s
[A[35C[s[C[2A*[s[s[C[2A*
[A[39C[s[s[1A[1m [D[s
[A[40C[s[1A[0;34mÁ[s
[A[41C[s[3C[4B*[s[s[5C
[A[50C[6B*[s[s[24D[2B*[s
[A[28C[s[11C[12A[1;37mÁ[s
[A[40C[s[10C[9B[0;34m*[s
[A[51C[s[5C[6B*[s[s[2C
[A[59C[3B*[s[s[40D*[s
[A[21C[s[27C[12A*[s
[A[49C[s[C[2B[5m*[s[s[22D
[A[29C[0;34m*[s[s[5C[6A*[s[23;1;f[MB mnt100 O2L8 DG.G16G4A4B.B16B4.BAB O3C4
O2F+4A4G4.P5[44;30m[23;57f (C) 1991, J. Ibarra [34;40m[0m
